// Jest Snapshot v1, https://goo.gl/fbAQLP

exports[`Pruebas en el GrifGridItem Debe coincidir con el snapshot 1`] = `
<div>
  <div
    class="card"
  >
    <img
      alt="Soy un título"
      src="https://"
    />
    <p>
      Soy un título
    </p>
  </div>
</div>
`;
